// Jest Snapshot v1, https://goo.gl/fbAQLP

exports[`Calculator renders calculator correctly 1`] = `
<div
  className="display-flex__calculator"
>
  <h1>
    Let's do some math!
  </h1>
  <div
    className="calculator-grid"
  >
    <div
      className="output"
    >
      <div
        className="previous-operand"
        data-testid="total-display"
      />
      <div
        className="current-operand"
        data-testid="next-display"
      />
      <div
        className="operation-display"
        data-testid="operation-display"
      />
    </div>
    <button
      data-testid="AC"
      id="AC"
      onClick={[Function]}
      type="button"
    >
      AC
    </button>
    <button
      data-testid="+/-"
      id="+/-"
      onClick={[Function]}
      type="button"
    >
      +/-
    </button>
    <button
      data-testid="%"
      id="%"
      onClick={[Function]}
      type="button"
    >
      %
    </button>
    <button
      className="special__operators"
      data-testid="รท"
      id="รท"
      onClick={[Function]}
      type="button"
    >
      /
    </button>
    <button
      data-testid="7"
      id="7"
      onClick={[Function]}
      type="button"
    >
      7
    </button>
    <button
      data-testid="8"
      id="8"
      onClick={[Function]}
      type="button"
    >
      8
    </button>
    <button
      data-testid="9"
      id="9"
      onClick={[Function]}
      type="button"
    >
      9
    </button>
    <button
      className="special__operators"
      data-testid="x"
      id="x"
      onClick={[Function]}
      type="button"
    >
      x
    </button>
    <button
      data-testid="4"
      id="4"
      onClick={[Function]}
      type="button"
    >
      4
    </button>
    <button
      data-testid="5"
      id="5"
      onClick={[Function]}
      type="button"
    >
      5
    </button>
    <button
      data-testid="6"
      id="6"
      onClick={[Function]}
      type="button"
    >
      6
    </button>
    <button
      className="special__operators"
      data-testid="-"
      id="-"
      onClick={[Function]}
      type="button"
    >
      -
    </button>
    <button
      data-testid="1"
      id="1"
      onClick={[Function]}
      type="button"
    >
      1
    </button>
    <button
      data-testid="2"
      id="2"
      onClick={[Function]}
      type="button"
    >
      2
    </button>
    <button
      data-testid="3"
      id="3"
      onClick={[Function]}
      type="button"
    >
      3
    </button>
    <button
      className="special__operators"
      data-testid="+"
      id="+"
      onClick={[Function]}
      type="button"
    >
      +
    </button>
    <button
      className="span-two"
      data-testid="0"
      id="0"
      onClick={[Function]}
      type="button"
    >
      0
    </button>
    <button
      data-testid="."
      id="."
      onClick={[Function]}
      type="button"
    >
      .
    </button>
    <button
      className="special__operators"
      data-testid="="
      id="="
      onClick={[Function]}
      type="button"
    >
      =
    </button>
  </div>
</div>
`;
